[debug] [2026-09-15T18:09:22.207Z] ----------------------------------------------------------------------
[debug] [2026-09-15T18:09:22.212Z] Command:       C:\Program Files\nodejs\node.exe C:\Users\ariel\AppData\Roaming\npm\node_modules\firebase-tools\lib\bin\firebase.js init
[debug] [2026-09-15T18:09:22.212Z] CLI Version:   15.30.1
[debug] [2026-09-15T18:09:22.213Z] Platform:      win32
[debug] [2026-09-15T18:09:22.213Z] Node Version:  v22.19.0
[debug] [2026-09-15T18:09:22.213Z] Detected Agent: unknown
[debug] [2026-09-15T18:09:22.213Z] Time:          Tue Sep 15 2026 21:09:22 GMT+0300 (שעון ישראל (קיץ))
[debug] [2026-09-15T18:09:22.214Z] ----------------------------------------------------------------------
[debug] 
[info] 
     ######## #### ########  ######## ########     ###     ######  ########
     ##        ##  ##     ## ##       ##     ##  ##   ##  ##       ##
     ######    ##  ########  ######   ########  #########  ######  ######
     ##        ##  ##    ##  ##       ##     ## ##     ##       ## ##
     ##       #### ##     ## ######## ########  ##     ##  ######  ########

You're about to initialize a Firebase project in this directory:

  f:\development\Ezrahi Admin Portal

[debug] [2026-09-15T18:09:43.833Z] ExitPromptError: User force closed the prompt with SIGINT
    at Interface.sigint (C:\Users\ariel\AppData\Roaming\npm\node_modules\firebase-tools\node_modules\@inquirer\core\dist\commonjs\lib\create-prompt.js:101:37)
    at Interface.emit (node:events:519:28)
    at [_ttyWrite] [as _ttyWrite] (node:internal/readline/interface:1132:18)
    at ReadStream.onkeypress (node:internal/readline/interface:271:20)
    at ReadStream.emit (node:events:531:35)
    at emitKeys (node:internal/readline/utils:370:14)
    at emitKeys.next (<anonymous>)
    at ReadStream.onData (node:internal/readline/emitKeypressEvents:64:36)
    at ReadStream.emit (node:events:519:28)
    at addChunk (node:internal/streams/readable:561:12)
[error] 
[error] Error: An unexpected error has occurred.
